// Jest Snapshot v1, https://goo.gl/fbAQLP

exports[`snapshot test for Calculator Component Matches the snapshot 1`] = `
<div>
  <div
    className="sectiontitle"
  >
    Let us do some Maths
  </div>
  <div
    className="appCalculator"
  >
    <div
      className="grid-container"
    >
      <div
        className="screen-input"
      >
        <span
          className="text-display"
        >
          <div />
        </span>
      </div>
    </div>
    <div
      className="grid-container"
    >
      <input
        className="same-size-btn"
        data-testid="ac"
        onClick={[Function]}
        type="button"
        value="AC"
      />
      <input
        className="same-size-btn"
        data-testid="plus"
        onClick={[Function]}
        type="button"
        value="+/-"
      />
      <input
        className="same-size-btn"
        data-testid="percent"
        onClick={[Function]}
        type="button"
        value="%"
      />
      <input
        className="same-size-btn orange"
        data-testid="divide"
        onClick={[Function]}
        type="button"
        value="÷"
      />
    </div>
    <div
      className="grid-container"
    >
      <input
        className="same-size-btn"
        data-testid="seven"
        onClick={[Function]}
        type="button"
        value="7"
      />
      <input
        className="same-size-btn"
        data-testid="eight"
        onClick={[Function]}
        type="button"
        value="8"
      />
      <input
        className="same-size-btn"
        data-testid="nine"
        onClick={[Function]}
        type="button"
        value="9"
      />
      <input
        className="same-size-btn orange"
        data-testid="multiply"
        onClick={[Function]}
        type="button"
        value="x"
      />
    </div>
    <div
      className="grid-container"
    >
      <input
        className="same-size-btn"
        data-testid="four"
        onClick={[Function]}
        type="button"
        value="4"
      />
      <input
        className="same-size-btn"
        data-testid="five"
        onClick={[Function]}
        type="button"
        value="5"
      />
      <input
        className="same-size-btn"
        data-testid="six"
        onClick={[Function]}
        type="button"
        value="6"
      />
      <input
        className="same-size-btn orange"
        data-testid="minus"
        onClick={[Function]}
        type="button"
        value="-"
      />
    </div>
    <div
      className="grid-container"
    >
      <input
        className="same-size-btn"
        data-testid="one"
        onClick={[Function]}
        type="button"
        value="1"
      />
      <input
        className="same-size-btn"
        data-testid="two"
        onClick={[Function]}
        type="button"
        value="2"
      />
      <input
        className="same-size-btn"
        data-testid="three"
        onClick={[Function]}
        type="button"
        value="3"
      />
      <input
        className="same-size-btn orange"
        data-testid="plus"
        onClick={[Function]}
        type="button"
        value="+"
      />
    </div>
    <div
      className="grid-container"
    >
      <input
        className="zero"
        data-testid="zero"
        onClick={[Function]}
        type="button"
        value="0"
      />
      <input
        className="same-size-btn"
        data-testid="decimal"
        onClick={[Function]}
        type="button"
        value="."
      />
      <input
        className="same-size-btn orange"
        data-testid="equals"
        onClick={[Function]}
        type="button"
        value="="
      />
    </div>
  </div>
</div>
`;
